Microchip MPLAB XC8 Compiler V2.31

Linker command line:

-W-3 --edf=C:\Program Files\Microchip\xc8\v2_31\pic\dat\en_msgs.txt \
  -pivt0x8=08h -cn -h+dist/default/debug\2021_ENCM369.debug.sym \
  --cmf=dist/default/debug\2021_ENCM369.debug.cmf -z -Q18F27Q43 \
  -oC:\Users\ENGENU~1\AppData\Local\Temp\sloo.2 --defsym=__MPLAB_BUILD=1 \
  -Mdist/default/debug/2021_ENCM369.debug.map -E1 -ver=XC8 Compiler \
  --acfsm=1493 -ASTACK=0D00h-025FFh -pstack=STACK -ACODE=00h-01FFFFh \
  -ACONST=00h-01FFFFh -ASMALLCONST=02600h-026FFhx474 \
  -AMEDIUMCONST=02600h-0FFFFh,012600h-01FFFFh -ACOMRAM=0501h-055Fh \
  -AABS1=0500h-025FFh -ABIGRAM=0501h-025FFh \
  -ARAM=0560h-05FFh,0600h-06FFhx32 -ABANK5=0560h-05FFh -ABANK6=0600h-06FFh \
  -ABANK7=0700h-07FFh -ABANK8=0800h-08FFh -ABANK9=0900h-09FFh \
  -ABANK10=0A00h-0AFFh -ABANK11=0B00h-0BFFh -ABANK12=0C00h-0CFFh \
  -ABANK13=0D00h-0DFFh -ABANK14=0E00h-0EFFh -ABANK15=0F00h-0FFFh \
  -ABANK16=01000h-010FFh -ABANK17=01100h-011FFh -ABANK18=01200h-012FFh \
  -ABANK19=01300h-013FFh -ABANK20=01400h-014FFh -ABANK21=01500h-015FFh \
  -ABANK22=01600h-016FFh -ABANK23=01700h-017FFh -ABANK24=01800h-018FFh \
  -ABANK25=01900h-019FFh -ABANK26=01A00h-01AFFh -ABANK27=01B00h-01BFFh \
  -ABANK28=01C00h-01CFFh -ABANK29=01D00h-01DFFh -ABANK30=01E00h-01EFFh \
  -ABANK31=01F00h-01FFFh -ABANK32=02000h-020FFh -ABANK33=02100h-021FFh \
  -ABANK34=02200h-022FFh -ABANK35=02300h-023FFh -ABANK36=02400h-024FFh \
  -ABANK37=02500h-025FFh -ASFR=00h-0FFhx4,0400h-045Fh,0460h-04FFh \
  -ACONFIG=0300000h-0300011h -AIDLOC=0200000h-020001Fh \
  -AEEDATA=0380000h-03803FFh -peeprom_data=EEDATA -preset_vec=00h \
  -ppowerup=CODE,init -pramtop=02600h -psmallconst=SMALLCONST \
  -pmediumconst=MEDIUMCONST -pconst=CONST -AFARRAM=00h-00h \
  -prdata=COMRAM,nvrram=COMRAM,nvbit=COMRAM,rbss=COMRAM,rbit=COMRAM \
  -pfarbss=FARRAM,fardata=FARRAM,nvFARRAM=FARRAM \
  -pintsave_regs=BIGRAM,bigbss=BIGRAM,bigdata=BIGRAM -pbss=RAM \
  -pidata=CODE,irdata=CODE,ibigdata=CODE,ifardata=CODE -prparam=COMRAM \
  C:\Users\ENGENU~1\AppData\Local\Temp\sloo.o \
  dist/default/debug\2021_ENCM369.debug.o 

Object code version is 3.11

Machine type is 18F27Q43



                Name                               Link     Load   Length Selector   Space Scale
C:\Users\ENGENU~1\AppData\Local\Temp\sloo.o
                idloc                            200000   200000       20        0       5
                config                           300000   300000        A        0       4
                init                                102      102        4        4       0
                reset_vec                             0        0        4        0       0
dist/default/debug\2021_ENCM369.debug.o
                idloc                            200000   200000       20        0       5
                config                           300000   300000        A        0       4
                mediumconst                        FEFE     FEFE      102     7F7F       0
                ivt0x8                                8        8       FA        4       0
                text21                            106B0    106B0       12     8000       0
                text20                            105AC    105AC       24     8000       0
                text19                            106D0    106D0        4     8000       0
                text18                            10684    10684       1A     8000       0
                text17                            106D6    106D6        2     8000       0
                text16                            10578    10578       34     8000       0
                text15                            106C2    106C2        8     8000       0
                text14                            1044C    1044C       78     8000       0
                text13                            10610    10610       20     8000       0
                text12                            10668    10668       1C     8000       0
                text11                            1050C    1050C       38     8000       0
                text10                            105F0    105F0       20     8000       0
                text9                             105D0    105D0       20     8000       0
                text8                             1021A    1021A       EA     8000       0
                text7                             10000    10000      11A     8000       0
                text6                             10304    10304       CC     8000       0
                text5                             1064C    1064C       1C     8000       0
                text4                             10544    10544       34     8000       0
                text3                             1069E    1069E       12     8000       0
                text2                             10630    10630       1C     8000       0
                text1                             106D4    106D4        2     8000       0
                text0                             104C4    104C4       48     8000       0
                cstackCOMRAM                        513      513       12      501       1
                bssBIGRAM                           700      700      600      700       1
                dataBANK6                           600      600      100      600       1
                dataCOMRAM                          525      525        6      501       1
                bssCOMRAM                           501      501       12      501       1
                cinit                             103D0    103D0       7C     8000       0
                idataBANK6                        1011A    1011A      100     8000       0
                idataCOMRAM                       106CA    106CA        6     8000       0

TOTAL           Name                               Link     Load   Length     Space
        CLASS   STACK          

        CLASS   CODE           
                init                                102      102        4         0
                reset_vec                             0        0        4         0
                ivt0x8                                8        8       FA         0
                text21                            106B0    106B0       12         0
                text20                            105AC    105AC       24         0
                text19                            106D0    106D0        4         0
                text18                            10684    10684       1A         0
                text17                            106D6    106D6        2         0
                text16                            10578    10578       34         0
                text15                            106C2    106C2        8         0
                text14                            1044C    1044C       78         0
                text13                            10610    10610       20         0
                text12                            10668    10668       1C         0
                text11                            1050C    1050C       38         0
                text10                            105F0    105F0       20         0
                text9                             105D0    105D0       20         0
                text8                             1021A    1021A       EA         0
                text7                             10000    10000      11A         0
                text6                             10304    10304       CC         0
                text5                             1064C    1064C       1C         0
                text4                             10544    10544       34         0
                text3                             1069E    1069E       12         0
                text2                             10630    10630       1C         0
                text1                             106D4    106D4        2         0
                text0                             104C4    104C4       48         0
                cinit                             103D0    103D0       7C         0
                idataBANK6                        1011A    1011A      100         0
                idataCOMRAM                       106CA    106CA        6         0

        CLASS   CONST          

        CLASS   SMALLCONST     

        CLASS   MEDIUMCONST    
                mediumconst                        FEFE     FEFE      102         0

        CLASS   COMRAM         
                cstackCOMRAM                        513      513       12         1
                dataCOMRAM                          525      525        6         1
                bssCOMRAM                           501      501       12         1

        CLASS   ABS1           

        CLASS   BIGRAM         
                bssBIGRAM                           700      700      600         1

        CLASS   RAM            

        CLASS   BANK5          

        CLASS   BANK6          
                dataBANK6                           600      600      100         1

        CLASS   BANK7          

        CLASS   BANK8          

        CLASS   BANK9          

        CLASS   BANK10         

        CLASS   BANK11         

        CLASS   BANK12         

        CLASS   BANK13         

        CLASS   BANK14         

        CLASS   BANK15         

        CLASS   BANK16         

        CLASS   BANK17         

        CLASS   BANK18         

        CLASS   BANK19         

        CLASS   BANK20         

        CLASS   BANK21         

        CLASS   BANK22         

        CLASS   BANK23         

        CLASS   BANK24         

        CLASS   BANK25         

        CLASS   BANK26         

        CLASS   BANK27         

        CLASS   BANK28         

        CLASS   BANK29         

        CLASS   BANK30         

        CLASS   BANK31         

        CLASS   BANK32         

        CLASS   BANK33         

        CLASS   BANK34         

        CLASS   BANK35         

        CLASS   BANK36         

        CLASS   BANK37         

        CLASS   SFR            

        CLASS   CONFIG         
                config                           300000   300000        A         4

        CLASS   IDLOC          
                idloc                            200000   200000       20         5

        CLASS   EEDATA         

        CLASS   FARRAM         



SEGMENTS        Name                           Load    Length   Top    Selector   Space  Class

                reset_vec                      000000  000004  000004         0       0  CODE    
                ivt0x8                         000008  0000FE  000106         4       0  CODE    
                bssCOMRAM                      000501  00002A  00052B       501       1  COMRAM  
                dataBANK6                      000600  000100  000700       600       1  BANK6   
                bssBIGRAM                      000700  000600  000D00       700       1  BIGRAM  
                mediumconst                    00FEFE  000102  010000      7F7F       0  MEDIUMCO
                text7                          010000  0006D8  0106D8      8000       0  CODE    


UNUSED ADDRESS RANGES

        Name                Unused          Largest block    Delta
        BANK13           000D00-000DFF              100
        BANK14           000E00-000EFF              100
        BANK15           000F00-000FFF              100
        BANK16           001000-0010FF              100
        BANK17           001100-0011FF              100
        BANK18           001200-0012FF              100
        BANK19           001300-0013FF              100
        BANK20           001400-0014FF              100
        BANK21           001500-0015FF              100
        BANK22           001600-0016FF              100
        BANK23           001700-0017FF              100
        BANK24           001800-0018FF              100
        BANK25           001900-0019FF              100
        BANK26           001A00-001AFF              100
        BANK27           001B00-001BFF              100
        BANK28           001C00-001CFF              100
        BANK29           001D00-001DFF              100
        BANK30           001E00-001EFF              100
        BANK31           001F00-001FFF              100
        BANK32           002000-0020FF              100
        BANK33           002100-0021FF              100
        BANK34           002200-0022FF              100
        BANK35           002300-0023FF              100
        BANK36           002400-0024FF              100
        BANK37           002500-0025FF              100
        BANK5            000560-0005FF               A0
        BIGRAM           00052B-0005FF               D5
                         000D00-0025FF             1900
        CODE             000004-000007                4
                         000106-00FEFD             FDF8
                         0106D8-01FFFF             F928
        COMRAM           00052B-00055F               35
        CONFIG           30000A-300011                8
        CONST            000004-000007                4
                         000106-00FEFD             FDF8
                         0106D8-01FFFF             F928
        EEDATA           380000-3803FF              400
        MEDIUMCONST      002600-00FEFD             D8FE
                         012600-01FFFF             DA00
        RAM              000560-0005FF               A0
                         000D00-0025FF              100
        SFR              000000-0004FF              100
        SMALLCONST       002600-00FEFD              100
                         0106D8-01FFFF              100
        STACK            000D00-0025FF             1900

                                  Symbol Table

DEFAULT_ISR@u32UnhandledCounter    bssCOMRAM    000501
IVTBASEH                           (abs)        00045E
IVTBASEL                           (abs)        00045D
IVTBASEU                           (abs)        00045F
SD_Check40bitResponse@bMatch       cstackCOMRAM 000519
SD_Check40bitResponse@u8Byte0_     cstackCOMRAM 000517
SD_Check40bitResponse@u8Byte1_     cstackCOMRAM 000516
SD_Check40bitResponse@u8Byte2_     cstackCOMRAM 000515
SD_Check40bitResponse@u8Byte3_     cstackCOMRAM 000514
SD_Check40bitResponse@u8Byte4_     cstackCOMRAM 000518
SD_Check8bitResponse@bMatch        cstackCOMRAM 000515
SD_Check8bitResponse@u8Byte_       cstackCOMRAM 000514
SD_Read40bitResponse@u8ReadMessage cstackCOMRAM 000514
SD_Read8bitResponse@u8ReadMessage  cstackCOMRAM 000514
SD_ReadBlock@i                     cstackCOMRAM 000523
SD_ReadBlock@pu8RxBuffer           cstackCOMRAM 000520
SD_ReadBlock@u8Addr0_              cstackCOMRAM 00051E
SD_ReadBlock@u8Addr1_              cstackCOMRAM 00051D
SD_ReadBlock@u8Addr2_              cstackCOMRAM 00051C
SD_ReadBlock@u8Addr3_              cstackCOMRAM 00051F
SD_ReadBlock@u8ReadMessage         cstackCOMRAM 000522
SD_SendCommand@u8Arg0_             cstackCOMRAM 000518
SD_SendCommand@u8Arg1_             cstackCOMRAM 000517
SD_SendCommand@u8Arg2_             cstackCOMRAM 000516
SD_SendCommand@u8Arg3_             cstackCOMRAM 000515
SD_SendCommand@u8ByteToSend        cstackCOMRAM 00051A
SD_SendCommand@u8CMD6bit_          cstackCOMRAM 000519
SD_SendCommand@u8Checksum          cstackCOMRAM 00051B
SPI_Write@u8DataByte_              cstackCOMRAM 000514
_ANSELA                            (abs)        000400
_ANSELC                            (abs)        000410
_CRCTable                          mediumconst  00FEFF
_ClockSetup                        text17       0106D6
_DAC1CON                           (abs)        00007F
_DAC1DATL                          (abs)        00007D
_DEFAULT_ISR                       text18       010684
_G_au8SDReadBuffer0                bssBIGRAM    000B00
_G_au8SDReadBuffer1                bssBIGRAM    000900
_G_au8SDResp40                     dataCOMRAM   000525
_G_au8SDWriteBuffer                bssBIGRAM    000700
_G_au8UserAppsinTable              dataBANK6    000600
_G_u32SystemTime1ms                bssCOMRAM    000509
_G_u32SystemTime1s                 bssCOMRAM    000505
_G_u8SDCurrentRxBuffer             bssCOMRAM    00050D
_G_u8SDResp8                       dataCOMRAM   00052A
_G_u8SystemFlags                   bssCOMRAM    000512
_G_u8UserAppFlags                  bssCOMRAM    000511
_G_u8UserAppTimePeriodHi           bssCOMRAM    000510
_G_u8UserAppTimePeriodLo           bssCOMRAM    00050F
_GpioSetup                         text16       010578
_INTCON0bits                       (abs)        0004D6
_InterruptSetup                    text15       0106C2
_LATA                              (abs)        0004BE
_LATC                              (abs)        0004C0
_LATCbits                          (abs)        0004C0
_PIE3bits                          (abs)        0004A1
_PIR0bits                          (abs)        0004AE
_PIR3bits                          (abs)        0004B1
_RC2PPS                            (abs)        000213
_RC4PPS                            (abs)        000215
_SD_Check40bitResponse             text14       01044C
_SD_Check8bitResponse              text13       010610
_SD_Init                           text7        010000
_SD_Read40bitResponse              text11       01050C
_SD_Read8bitResponse               text10       0105F0
_SD_ReadBlock                      text6        010304
_SD_SendCommand                    text8        01021A
_SPI1BAUD                          (abs)        000089
_SPI1CLK                           (abs)        00008C
_SPI1CON0                          (abs)        000084
_SPI1CON0bits                      (abs)        000084
_SPI1CON1                          (abs)        000085
_SPI1CON2                          (abs)        000086
_SPI1CON2bits                      (abs)        000086
_SPI1RXB                           (abs)        000080
_SPI1SCKPPS                        (abs)        00026A
_SPI1SDIPPS                        (abs)        00026B
_SPI1TXB                           (abs)        000081
_SPI_Init                          text5        01064C
_SPI_Read                          text12       010668
_SPI_Write                         text9        0105D0
_SW_ISR                            text19       0106D0
_SysTickSetup                      text4        010544
_SystemSleep                       text3        01069E
_T0CON0                            (abs)        00031A
_T0CON0bits                        (abs)        00031A
_T0CON1                            (abs)        00031B
_T1CLK                             (abs)        000321
_T1CON                             (abs)        00031E
_T1CONbits                         (abs)        00031E
_T1GCON                            (abs)        00031F
_T2CLKCON                          (abs)        000326
_T2CON                             (abs)        000324
_T2PR                              (abs)        000323
_TMR0H                             (abs)        000319
_TMR0L                             (abs)        000318
_TMR1H                             (abs)        00031D
_TMR1L                             (abs)        00031C
_TMR1_ISR                          text20       0105AC
_TMR2_ISR                          text21       0106B0
_TRISA                             (abs)        0004C6
_TRISC                             (abs)        0004C8
_UserAppInitialize                 text2        010630
_UserAppRun                        text1        0106D4
__HRAM                             (abs)        000000
__Habs1                            abs1         000000
__Hbank10                          bank10       000000
__Hbank11                          bank11       000000
__Hbank12                          bank12       000000
__Hbank13                          bank13       000000
__Hbank14                          bank14       000000
__Hbank15                          bank15       000000
__Hbank16                          bank16       000000
__Hbank17                          bank17       000000
__Hbank18                          bank18       000000
__Hbank19                          bank19       000000
__Hbank20                          bank20       000000
__Hbank21                          bank21       000000
__Hbank22                          bank22       000000
__Hbank23                          bank23       000000
__Hbank24                          bank24       000000
__Hbank25                          bank25       000000
__Hbank26                          bank26       000000
__Hbank27                          bank27       000000
__Hbank28                          bank28       000000
__Hbank29                          bank29       000000
__Hbank30                          bank30       000000
__Hbank31                          bank31       000000
__Hbank32                          bank32       000000
__Hbank33                          bank33       000000
__Hbank34                          bank34       000000
__Hbank35                          bank35       000000
__Hbank36                          bank36       000000
__Hbank37                          bank37       000000
__Hbank5                           bank5        000000
__Hbank6                           bank6        000000
__Hbank7                           bank7        000000
__Hbank8                           bank8        000000
__Hbank9                           bank9        000000
__Hbigbss                          bigbss       000000
__Hbigdata                         bigdata      000000
__Hbigram                          bigram       000000
__Hbss                             bss          000000
__HbssBIGRAM                       bssBIGRAM    000000
__HbssCOMRAM                       bssCOMRAM    000000
__Hcinit                           cinit        000000
__Hclrtext                         clrtext      000000
__Hcomram                          comram       000000
__Hconfig                          config       30000A
__Hconst                           const        000000
__HcstackCOMRAM                    cstackCOMRAM 000000
__Hdata                            data         000000
__HdataBANK6                       dataBANK6    000000
__HdataCOMRAM                      dataCOMRAM   000000
__Heeprom_data                     eeprom_data  000000
__Hfarbss                          farbss       000000
__Hfardata                         fardata      000000
__Hibigdata                        ibigdata     000000
__Hidata                           idata        000000
__HidataBANK6                      idataBANK6   000000
__HidataCOMRAM                     idataCOMRAM  000000
__Hidloc                           idloc        200020
__Hifardata                        ifardata     000000
__Hinit                            init         000106
__Hintsave_regs                    intsave_regs 000000
__Hirdata                          irdata       000000
__Hivt0x8                          ivt0x8       000102
__Hmediumconst                     mediumconst  010000
__HnvFARRAM                        nvFARRAM     000000
__Hnvbit                           nvbit        000000
__Hnvrram                          nvrram       000000
__Hparam                           rparam       000000
__Hpowerup                         powerup      000000
__Hram                             ram          000000
__Hramtop                          ramtop       002600
__Hrbit                            rbit         000000
__Hrbss                            rbss         000000
__Hrdata                           rdata        000000
__Hreset_vec                       reset_vec    000004
__Hrparam                          rparam       000000
__Hsfr                             sfr          000000
__Hsmallconst                      smallconst   000000
__Hspace_0                         (abs)        0106D8
__Hspace_1                         (abs)        000D00
__Hspace_2                         (abs)        000000
__Hspace_4                         (abs)        60000A
__Hstack                           stack        000000
__Hstruct                          struct       000000
__Htemp                            temp         000000
__Htext                            text         000000
__Htext0                           text0        000000
__Htext1                           text1        000000
__Htext10                          text10       000000
__Htext11                          text11       000000
__Htext12                          text12       000000
__Htext13                          text13       000000
__Htext14                          text14       000000
__Htext15                          text15       000000
__Htext16                          text16       000000
__Htext17                          text17       000000
__Htext18                          text18       000000
__Htext19                          text19       000000
__Htext2                           text2        000000
__Htext20                          text20       000000
__Htext21                          text21       000000
__Htext3                           text3        000000
__Htext4                           text4        000000
__Htext5                           text5        000000
__Htext6                           text6        000000
__Htext7                           text7        000000
__Htext8                           text8        000000
__Htext9                           text9        000000
__LRAM                             (abs)        000001
__Labs1                            abs1         000000
__Lbank10                          bank10       000000
__Lbank11                          bank11       000000
__Lbank12                          bank12       000000
__Lbank13                          bank13       000000
__Lbank14                          bank14       000000
__Lbank15                          bank15       000000
__Lbank16                          bank16       000000
__Lbank17                          bank17       000000
__Lbank18                          bank18       000000
__Lbank19                          bank19       000000
__Lbank20                          bank20       000000
__Lbank21                          bank21       000000
__Lbank22                          bank22       000000
__Lbank23                          bank23       000000
__Lbank24                          bank24       000000
__Lbank25                          bank25       000000
__Lbank26                          bank26       000000
__Lbank27                          bank27       000000
__Lbank28                          bank28       000000
__Lbank29                          bank29       000000
__Lbank30                          bank30       000000
__Lbank31                          bank31       000000
__Lbank32                          bank32       000000
__Lbank33                          bank33       000000
__Lbank34                          bank34       000000
__Lbank35                          bank35       000000
__Lbank36                          bank36       000000
__Lbank37                          bank37       000000
__Lbank5                           bank5        000000
__Lbank6                           bank6        000000
__Lbank7                           bank7        000000
__Lbank8                           bank8        000000
__Lbank9                           bank9        000000
__Lbigbss                          bigbss       000000
__Lbigdata                         bigdata      000000
__Lbigram                          bigram       000000
__Lbss                             bss          000000
__LbssBIGRAM                       bssBIGRAM    000000
__LbssCOMRAM                       bssCOMRAM    000000
__Lcinit                           cinit        000000
__Lclrtext                         clrtext      000000
__Lcomram                          comram       000000
__Lconfig                          config       000000
__Lconst                           const        000000
__LcstackCOMRAM                    cstackCOMRAM 000000
__Ldata                            data         000000
__LdataBANK6                       dataBANK6    000000
__LdataCOMRAM                      dataCOMRAM   000000
__Leeprom_data                     eeprom_data  000000
__Lfarbss                          farbss       000000
__Lfardata                         fardata      000000
__Libigdata                        ibigdata     000000
__Lidata                           idata        000000
__LidataBANK6                      idataBANK6   000000
__LidataCOMRAM                     idataCOMRAM  000000
__Lidloc                           idloc        000000
__Lifardata                        ifardata     000000
__Linit                            init         000102
__Lintsave_regs                    intsave_regs 000000
__Lirdata                          irdata       000000
__Livt0x8                          ivt0x8       000008
__Lmediumconst                     mediumconst  00FEFE
__LnvFARRAM                        nvFARRAM     000000
__Lnvbit                           nvbit        000000
__Lnvrram                          nvrram       000000
__Lparam                           rparam       000000
__Lpowerup                         powerup      000000
__Lram                             ram          000000
__Lramtop                          ramtop       002600
__Lrbit                            rbit         000000
__Lrbss                            rbss         000000
__Lrdata                           rdata        000000
__Lreset_vec                       reset_vec    000000
__Lrparam                          rparam       000000
__Lsfr                             sfr          000000
__Lsmallconst                      smallconst   000000
__Lspace_0                         (abs)        000000
__Lspace_1                         (abs)        000000
__Lspace_2                         (abs)        000000
__Lspace_4                         (abs)        000000
__Lstack                           stack        000000
__Lstruct                          struct       000000
__Ltemp                            temp         000000
__Ltext                            text         000000
__Ltext0                           text0        000000
__Ltext1                           text1        000000
__Ltext10                          text10       000000
__Ltext11                          text11       000000
__Ltext12                          text12       000000
__Ltext13                          text13       000000
__Ltext14                          text14       000000
__Ltext15                          text15       000000
__Ltext16                          text16       000000
__Ltext17                          text17       000000
__Ltext18                          text18       000000
__Ltext19                          text19       000000
__Ltext2                           text2        000000
__Ltext20                          text20       000000
__Ltext21                          text21       000000
__Ltext3                           text3        000000
__Ltext4                           text4        000000
__Ltext5                           text5        000000
__Ltext6                           text6        000000
__Ltext7                           text7        000000
__Ltext8                           text8        000000
__Ltext9                           text9        000000
__S0                               (abs)        0106D8
__S1                               (abs)        000D00
__S2                               (abs)        000000
__S4                               (abs)        000000
__S5                               (abs)        000000
___inthi_sp                        stack        000000
___intlo_sp                        stack        000000
___param_bank                      (abs)        000000
___rparam_used                     (abs)        000001
___sp                              stack        000000
__accesstop                        (abs)        000560
__activetblptr                     (abs)        000002
__end_of_CRCTable                  mediumconst  00FFFF
__end_of_ClockSetup                text17       0106D8
__end_of_DEFAULT_ISR               text18       01069E
__end_of_GpioSetup                 text16       0105AC
__end_of_InterruptSetup            text15       0106CA
__end_of_SD_Check40bitResponse     text14       0104C4
__end_of_SD_Check8bitResponse      text13       010630
__end_of_SD_Init                   text7        01011A
__end_of_SD_Read40bitResponse      text11       010544
__end_of_SD_Read8bitResponse       text10       010610
__end_of_SD_ReadBlock              text6        0103D0
__end_of_SD_SendCommand            text8        010304
__end_of_SPI_Init                  text5        010668
__end_of_SPI_Read                  text12       010684
__end_of_SPI_Write                 text9        0105F0
__end_of_SW_ISR                    text19       0106D4
__end_of_SysTickSetup              text4        010578
__end_of_SystemSleep               text3        0106B0
__end_of_TMR1_ISR                  text20       0105D0
__end_of_TMR2_ISR                  text21       0106C2
__end_of_UserAppInitialize         text2        01064C
__end_of_UserAppRun                text1        0106D6
__end_of__initialization           cinit        010442
__end_of_main                      text0        01050C
__initialization                   cinit        0103D0
__mediumconst                      mediumconst  00FEFE
__pbssBIGRAM                       bssBIGRAM    000700
__pbssCOMRAM                       bssCOMRAM    000501
__pcinit                           cinit        0103D0
__pcstackCOMRAM                    cstackCOMRAM 000513
__pdataBANK6                       dataBANK6    000600
__pdataCOMRAM                      dataCOMRAM   000525
__pidataBANK6                      idataBANK6   01011A
__pidataCOMRAM                     idataCOMRAM  0106CA
__pivt0x8                          ivt0x8       000008
__pmediumconst                     mediumconst  00FEFE
__ptext0                           text0        0104C4
__ptext1                           text1        0106D4
__ptext10                          text10       0105F0
__ptext11                          text11       01050C
__ptext12                          text12       010668
__ptext13                          text13       010610
__ptext14                          text14       01044C
__ptext15                          text15       0106C2
__ptext16                          text16       010578
__ptext17                          text17       0106D6
__ptext18                          text18       010684
__ptext19                          text19       0106D0
__ptext2                           text2        010630
__ptext20                          text20       0105AC
__ptext21                          text21       0106B0
__ptext3                           text3        01069E
__ptext4                           text4        010544
__ptext5                           text5        01064C
__ptext6                           text6        010304
__ptext7                           text7        010000
__ptext8                           text8        01021A
__ptext9                           text9        0105D0
__ramtop                           ramtop       002600
__size_of_ClockSetup               (abs)        000000
__size_of_DEFAULT_ISR              (abs)        000000
__size_of_GpioSetup                (abs)        000000
__size_of_InterruptSetup           (abs)        000000
__size_of_SD_Check40bitResponse    (abs)        000000
__size_of_SD_Check8bitResponse     (abs)        000000
__size_of_SD_Init                  (abs)        000000
__size_of_SD_Read40bitResponse     (abs)        000000
__size_of_SD_Read8bitResponse      (abs)        000000
__size_of_SD_ReadBlock             (abs)        000000
__size_of_SD_SendCommand           (abs)        000000
__size_of_SPI_Init                 (abs)        000000
__size_of_SPI_Read                 (abs)        000000
__size_of_SPI_Write                (abs)        000000
__size_of_SW_ISR                   (abs)        000000
__size_of_SysTickSetup             (abs)        000000
__size_of_SystemSleep              (abs)        000000
__size_of_TMR1_ISR                 (abs)        000000
__size_of_TMR2_ISR                 (abs)        000000
__size_of_UserAppInitialize        (abs)        000000
__size_of_UserAppRun               (abs)        000000
__size_of_main                     (abs)        000000
__smallconst                       smallconst   000000
_main                              text0        0104C4
end_of_initialization              cinit        010442
intlevel0                          text         000000
intlevel1                          text         000000
intlevel2                          text         000000
intlevel3                          text         000000
ivt0x8_base                        ivt0x8       000008
ivt0x8_undefint                    ivt0x8       000100
stackhi                            (abs)        0025FF
stacklo                            (abs)        000D00
start                              init         000102
start_initialization               cinit        0103D0


FUNCTION INFORMATION:

 *************** function _main *****************
 Defined at:
		line 34 in file "main.c"
 Parameters:    Size  Location     Type
		None
 Auto vars:     Size  Location     Type
		None
 Return value:  Size  Location     Type
                  1    wreg      void 
 Registers used:
		wreg, fsr2l, fsr2h, status,2, status,0, tblptrl, tblptrh, tblptru, cstack
 Tracked objects:
		On entry : 
		On exit  : 
		Unchanged: 
 Data sizes:     COMRAM   BANK5   BANK6   BANK7   BANK8   BANK9  BANK10  BANK11  BANK12  BANK13  BANK14  BANK15  BANK16  BANK17  BANK18  BANK19  BANK20  BANK21  BANK22  BANK23  BANK24  BANK25  BANK26  BANK27  BANK28  BANK29  BANK30  BANK31  BANK32  BANK33  BANK34  BANK35  BANK36  BANK37
      Params:         0       0       0       0       0       0       0       0       0       0       0       0       0       0       0       0       0       0       0       0       0       0       0       0       0       0       0       0       0       0       0       0       0       0
      Locals:         0       0       0       0       0       0       0       0       0       0       0       0       0       0       0       0       0       0       0       0       0       0       0       0       0       0       0       0       0       0       0       0       0       0
      Temps:          0       0       0       0       0       0       0       0       0       0       0       0       0       0       0       0       0       0       0       0       0       0       0       0       0       0       0       0       0       0       0       0       0       0
      Totals:         0       0       0       0       0       0       0       0       0       0       0       0       0       0       0       0       0       0       0       0       0       0       0       0       0       0       0       0       0       0       0       0       0       0
Total ram usage:        0 bytes
 Hardware stack levels required when called:    5
 This function calls:
		_ClockSetup
		_GpioSetup
		_InterruptSetup
		_SD_Init
		_SD_ReadBlock
		_SPI_Init
		_SysTickSetup
		_SystemSleep
		_UserAppInitialize
		_UserAppRun
 This function is called by:
		Startup code after reset
 This function uses a non-reentrant model


 *************** function _UserAppRun *****************
 Defined at:
		line 235 in file "user_app.c"
 Parameters:    Size  Location     Type
		None
 Auto vars:     Size  Location     Type
		None
 Return value:  Size  Location     Type
                  1    wreg      void 
 Registers used:
		None
 Tracked objects:
		On entry : 
		On exit  : 
		Unchanged: 
 Data sizes:     COMRAM   BANK5   BANK6   BANK7   BANK8   BANK9  BANK10  BANK11  BANK12  BANK13  BANK14  BANK15  BANK16  BANK17  BANK18  BANK19  BANK20  BANK21  BANK22  BANK23  BANK24  BANK25  BANK26  BANK27  BANK28  BANK29  BANK30  BANK31  BANK32  BANK33  BANK34  BANK35  BANK36  BANK37
      Params:         0       0       0       0       0       0       0       0       0       0       0       0       0       0       0       0       0       0       0       0       0       0       0       0       0       0       0       0       0       0       0       0       0       0
      Locals:         0       0       0       0       0       0       0       0       0       0       0       0       0       0       0       0       0       0       0       0       0       0       0       0       0       0       0       0       0       0       0       0       0       0
      Temps:          0       0       0       0       0       0       0       0       0       0       0       0       0       0       0       0       0       0       0       0       0       0       0       0       0       0       0       0       0       0       0       0       0       0
      Totals:         0       0       0       0       0       0       0       0       0       0       0       0       0       0       0       0       0       0       0       0       0       0       0       0       0       0       0       0       0       0       0       0       0       0
Total ram usage:        0 bytes
 Hardware stack levels used:    1
 Hardware stack levels required when called:    2
 This function calls:
		Nothing
 This function is called by:
		_main
 This function uses a non-reentrant model


 *************** function _UserAppInitialize *****************
 Defined at:
		line 204 in file "user_app.c"
 Parameters:    Size  Location     Type
		None
 Auto vars:     Size  Location     Type
		None
 Return value:  Size  Location     Type
                  1    wreg      void 
 Registers used:
		wreg, status,2, status,0
 Tracked objects:
		On entry : 
		On exit  : 
		Unchanged: 
 Data sizes:     COMRAM   BANK5   BANK6   BANK7   BANK8   BANK9  BANK10  BANK11  BANK12  BANK13  BANK14  BANK15  BANK16  BANK17  BANK18  BANK19  BANK20  BANK21  BANK22  BANK23  BANK24  BANK25  BANK26  BANK27  BANK28  BANK29  BANK30  BANK31  BANK32  BANK33  BANK34  BANK35  BANK36  BANK37
      Params:         0       0       0       0       0       0       0       0       0       0       0       0       0       0       0       0       0       0       0       0       0       0       0       0       0       0       0       0       0       0       0       0       0       0
      Locals:         0       0       0       0       0       0       0       0       0       0       0       0       0       0       0       0       0       0       0       0       0       0       0       0       0       0       0       0       0       0       0       0       0       0
      Temps:          0       0       0       0       0       0       0       0       0       0       0       0       0       0       0       0       0       0       0       0       0       0       0       0       0       0       0       0       0       0       0       0       0       0
      Totals:         0       0       0       0       0       0       0       0       0       0       0       0       0       0       0       0       0       0       0       0       0       0       0       0       0       0       0       0       0       0       0       0       0       0
Total ram usage:        0 bytes
 Hardware stack levels used:    1
 Hardware stack levels required when called:    2
 This function calls:
		Nothing
 This function is called by:
		_main
 This function uses a non-reentrant model


 *************** function _SystemSleep *****************
 Defined at:
		line 161 in file "encm369_pic18.c"
 Parameters:    Size  Location     Type
		None
 Auto vars:     Size  Location     Type
		None
 Return value:  Size  Location     Type
                  1    wreg      void 
 Registers used:
		status,2, status,0
 Tracked objects:
		On entry : 
		On exit  : 
		Unchanged: 
 Data sizes:     COMRAM   BANK5   BANK6   BANK7   BANK8   BANK9  BANK10  BANK11  BANK12  BANK13  BANK14  BANK15  BANK16  BANK17  BANK18  BANK19  BANK20  BANK21  BANK22  BANK23  BANK24  BANK25  BANK26  BANK27  BANK28  BANK29  BANK30  BANK31  BANK32  BANK33  BANK34  BANK35  BANK36  BANK37
      Params:         0       0       0       0       0       0       0       0       0       0       0       0       0       0       0       0       0       0       0       0       0       0       0       0       0       0       0       0       0       0       0       0       0       0
      Locals:         0       0       0       0       0       0       0       0       0       0       0       0       0       0       0       0       0       0       0       0       0       0       0       0       0       0       0       0       0       0       0       0       0       0
      Temps:          0       0       0       0       0       0       0       0       0       0       0       0       0       0       0       0       0       0       0       0       0       0       0       0       0       0       0       0       0       0       0       0       0       0
      Totals:         0       0       0       0       0       0       0       0       0       0       0       0       0       0       0       0       0       0       0       0       0       0       0       0       0       0       0       0       0       0       0       0       0       0
Total ram usage:        0 bytes
 Hardware stack levels used:    1
 Hardware stack levels required when called:    2
 This function calls:
		Nothing
 This function is called by:
		_main
 This function uses a non-reentrant model


 *************** function _SysTickSetup *****************
 Defined at:
		line 126 in file "encm369_pic18.c"
 Parameters:    Size  Location     Type
		None
 Auto vars:     Size  Location     Type
		None
 Return value:  Size  Location     Type
                  1    wreg      void 
 Registers used:
		wreg, status,2
 Tracked objects:
		On entry : 
		On exit  : 
		Unchanged: 
 Data sizes:     COMRAM   BANK5   BANK6   BANK7   BANK8   BANK9  BANK10  BANK11  BANK12  BANK13  BANK14  BANK15  BANK16  BANK17  BANK18  BANK19  BANK20  BANK21  BANK22  BANK23  BANK24  BANK25  BANK26  BANK27  BANK28  BANK29  BANK30  BANK31  BANK32  BANK33  BANK34  BANK35  BANK36  BANK37
      Params:         0       0       0       0       0       0       0       0       0       0       0       0       0       0       0       0       0       0       0       0       0       0       0       0       0       0       0       0       0       0       0       0       0       0
      Locals:         0       0       0       0       0       0       0       0       0       0       0       0       0       0       0       0       0       0       0       0       0       0       0       0       0       0       0       0       0       0       0       0       0       0
      Temps:          0       0       0       0       0       0       0       0       0       0       0       0       0       0       0       0       0       0       0       0       0       0       0       0       0       0       0       0       0       0       0       0       0       0
      Totals:         0       0       0       0       0       0       0       0       0       0       0       0       0       0       0       0       0       0       0       0       0       0       0       0       0       0       0       0       0       0       0       0       0       0
Total ram usage:        0 bytes
 Hardware stack levels used:    1
 Hardware stack levels required when called:    2
 This function calls:
		Nothing
 This function is called by:
		_main
 This function uses a non-reentrant model


 *************** function _SPI_Init *****************
 Defined at:
		line 35 in file "spi.c"
 Parameters:    Size  Location     Type
		None
 Auto vars:     Size  Location     Type
		None
 Return value:  Size  Location     Type
                  1    wreg      void 
 Registers used:
		wreg, status,2
 Tracked objects:
		On entry : 
		On exit  : 
		Unchanged: 
 Data sizes:     COMRAM   BANK5   BANK6   BANK7   BANK8   BANK9  BANK10  BANK11  BANK12  BANK13  BANK14  BANK15  BANK16  BANK17  BANK18  BANK19  BANK20  BANK21  BANK22  BANK23  BANK24  BANK25  BANK26  BANK27  BANK28  BANK29  BANK30  BANK31  BANK32  BANK33  BANK34  BANK35  BANK36  BANK37
      Params:         0       0       0       0       0       0       0       0       0       0       0       0       0       0       0       0       0       0       0       0       0       0       0       0       0       0       0       0       0       0       0       0       0       0
      Locals:         0       0       0       0       0       0       0       0       0       0       0       0       0       0       0       0       0       0       0       0       0       0       0       0       0       0       0       0       0       0       0       0       0       0
      Temps:          0       0       0       0       0       0       0       0       0       0       0       0       0       0       0       0       0       0       0       0       0       0       0       0       0       0       0       0       0       0       0       0       0       0
      Totals:         0       0       0       0       0       0       0       0       0       0       0       0       0       0       0       0       0       0       0       0       0       0       0       0       0       0       0       0       0       0       0       0       0       0
Total ram usage:        0 bytes
 Hardware stack levels used:    1
 Hardware stack levels required when called:    2
 This function calls:
		Nothing
 This function is called by:
		_main
 This function uses a non-reentrant model


 *************** function _SD_ReadBlock *****************
 Defined at:
		line 283 in file "sd.c"
 Parameters:    Size  Location     Type
  u8Addr3_        1    wreg     unsigned char 
  u8Addr2_        1    9[COMRAM] unsigned char 
  u8Addr1_        1   10[COMRAM] unsigned char 
  u8Addr0_        1   11[COMRAM] unsigned char 
 Auto vars:     Size  Location     Type
  u8Addr3_        1   12[COMRAM] unsigned char 
  i               2   16[COMRAM] unsigned short 
  pu8RxBuffer     2   13[COMRAM] PTR unsigned char 
		 -> G_au8SDReadBuffer1(512), G_au8SDReadBuffer0(512), 
  u8ReadMessag    1   15[COMRAM] unsigned char 
 Return value:  Size  Location     Type
                  1    wreg      _Bool 
 Registers used:
		wreg, fsr2l, fsr2h, status,2, status,0, tblptrl, tblptrh, tblptru, cstack
 Tracked objects:
		On entry : 
		On exit  : 
		Unchanged: 
 Data sizes:     COMRAM   BANK5   BANK6   BANK7   BANK8   BANK9  BANK10  BANK11  BANK12  BANK13  BANK14  BANK15  BANK16  BANK17  BANK18  BANK19  BANK20  BANK21  BANK22  BANK23  BANK24  BANK25  BANK26  BANK27  BANK28  BANK29  BANK30  BANK31  BANK32  BANK33  BANK34  BANK35  BANK36  BANK37
      Params:         3       0       0       0       0       0       0       0       0       0       0       0       0       0       0       0       0       0       0       0       0       0       0       0       0       0       0       0       0       0       0       0       0       0
      Locals:         6       0       0       0       0       0       0       0       0       0       0       0       0       0       0       0       0       0       0       0       0       0       0       0       0       0       0       0       0       0       0       0       0       0
      Temps:          0       0       0       0       0       0       0       0       0       0       0       0       0       0       0       0       0       0       0       0       0       0       0       0       0       0       0       0       0       0       0       0       0       0
      Totals:         9       0       0       0       0       0       0       0       0       0       0       0       0       0       0       0       0       0       0       0       0       0       0       0       0       0       0       0       0       0       0       0       0       0
Total ram usage:        9 bytes
 Hardware stack levels used:    1
 Hardware stack levels required when called:    4
 This function calls:
		_SD_Check8bitResponse
		_SD_Read8bitResponse
		_SD_SendCommand
		_SPI_Read
 This function is called by:
		_main
 This function uses a non-reentrant model


 *************** function _SD_Init *****************
 Defined at:
		line 46 in file "sd.c"
 Parameters:    Size  Location     Type
		None
 Auto vars:     Size  Location     Type
		None
 Return value:  Size  Location     Type
                  1    wreg      void 
 Registers used:
		wreg, status,2, status,0, tblptrl, tblptrh, tblptru, cstack
 Tracked objects:
		On entry : 
		On exit  : 
		Unchanged: 
 Data sizes:     COMRAM   BANK5   BANK6   BANK7   BANK8   BANK9  BANK10  BANK11  BANK12  BANK13  BANK14  BANK15  BANK16  BANK17  BANK18  BANK19  BANK20  BANK21  BANK22  BANK23  BANK24  BANK25  BANK26  BANK27  BANK28  BANK29  BANK30  BANK31  BANK32  BANK33  BANK34  BANK35  BANK36  BANK37
      Params:         0       0       0       0       0       0       0       0       0       0       0       0       0       0       0       0       0       0       0       0       0       0       0       0       0       0       0       0       0       0       0       0       0       0
      Locals:         0       0       0       0       0       0       0       0       0       0       0       0       0       0       0       0       0       0       0       0       0       0       0       0       0       0       0       0       0       0       0       0       0       0
      Temps:          0       0       0       0       0       0       0       0       0       0       0       0       0       0       0       0       0       0       0       0       0       0       0       0       0       0       0       0       0       0       0       0       0       0
      Totals:         0       0       0       0       0       0       0       0       0       0       0       0       0       0       0       0       0       0       0       0       0       0       0       0       0       0       0       0       0       0       0       0       0       0
Total ram usage:        0 bytes
 Hardware stack levels used:    1
 Hardware stack levels required when called:    4
 This function calls:
		_SD_Check40bitResponse
		_SD_Check8bitResponse
		_SD_Read40bitResponse
		_SD_Read8bitResponse
		_SD_SendCommand
		_SPI_Write
 This function is called by:
		_main
 This function uses a non-reentrant model


 *************** function _SD_SendCommand *****************
 Defined at:
		line 115 in file "sd.c"
 Parameters:    Size  Location     Type
  u8CMD6bit_      1    wreg     unsigned char 
  u8Arg3_         1    2[COMRAM] unsigned char 
  u8Arg2_         1    3[COMRAM] unsigned char 
  u8Arg1_         1    4[COMRAM] unsigned char 
  u8Arg0_         1    5[COMRAM] unsigned char 
 Auto vars:     Size  Location     Type
  u8CMD6bit_      1    6[COMRAM] unsigned char 
  u8Checksum      1    8[COMRAM] unsigned char 
  u8ByteToSend    1    7[COMRAM] unsigned char 
 Return value:  Size  Location     Type
                  1    wreg      void 
 Registers used:
		wreg, status,2, status,0, tblptrl, tblptrh, tblptru, cstack
 Tracked objects:
		On entry : 
		On exit  : 
		Unchanged: 
 Data sizes:     COMRAM   BANK5   BANK6   BANK7   BANK8   BANK9  BANK10  BANK11  BANK12  BANK13  BANK14  BANK15  BANK16  BANK17  BANK18  BANK19  BANK20  BANK21  BANK22  BANK23  BANK24  BANK25  BANK26  BANK27  BANK28  BANK29  BANK30  BANK31  BANK32  BANK33  BANK34  BANK35  BANK36  BANK37
      Params:         4       0       0       0       0       0       0       0       0       0       0       0       0       0       0       0       0       0       0       0       0       0       0       0       0       0       0       0       0       0       0       0       0       0
      Locals:         3       0       0       0       0       0       0       0       0       0       0       0       0       0       0       0       0       0       0       0       0       0       0       0       0       0       0       0       0       0       0       0       0       0
      Temps:          0       0       0       0       0       0       0       0       0       0       0       0       0       0       0       0       0       0       0       0       0       0       0       0       0       0       0       0       0       0       0       0       0       0
      Totals:         7       0       0       0       0       0       0       0       0       0       0       0       0       0       0       0       0       0       0       0       0       0       0       0       0       0       0       0       0       0       0       0       0       0
Total ram usage:        7 bytes
 Hardware stack levels used:    1
 Hardware stack levels required when called:    3
 This function calls:
		_SPI_Write
 This function is called by:
		_SD_Init
		_SD_ReadBlock
		_SD_WriteBlock
 This function uses a non-reentrant model


 *************** function _SPI_Write *****************
 Defined at:
		line 60 in file "spi.c"
 Parameters:    Size  Location     Type
  u8DataByte_     1    wreg     unsigned char 
 Auto vars:     Size  Location     Type
  u8DataByte_     1    1[COMRAM] unsigned char 
 Return value:  Size  Location     Type
                  1    wreg      void 
 Registers used:
		wreg
 Tracked objects:
		On entry : 
		On exit  : 
		Unchanged: 
 Data sizes:     COMRAM   BANK5   BANK6   BANK7   BANK8   BANK9  BANK10  BANK11  BANK12  BANK13  BANK14  BANK15  BANK16  BANK17  BANK18  BANK19  BANK20  BANK21  BANK22  BANK23  BANK24  BANK25  BANK26  BANK27  BANK28  BANK29  BANK30  BANK31  BANK32  BANK33  BANK34  BANK35  BANK36  BANK37
      Params:         0       0       0       0       0       0       0       0       0       0       0       0       0       0       0       0       0       0       0       0       0       0       0       0       0       0       0       0       0       0       0       0       0       0
      Locals:         1       0       0       0       0       0       0       0       0       0       0       0       0       0       0       0       0       0       0       0       0       0       0       0       0       0       0       0       0       0       0       0       0       0
      Temps:          0       0       0       0       0       0       0       0       0       0       0       0       0       0       0       0       0       0       0       0       0       0       0       0       0       0       0       0       0       0       0       0       0       0
      Totals:         1       0       0       0       0       0       0       0       0       0       0       0       0       0       0       0       0       0       0       0       0       0       0       0       0       0       0       0       0       0       0       0       0       0
Total ram usage:        1 bytes
 Hardware stack levels used:    1
 Hardware stack levels required when called:    2
 This function calls:
		Nothing
 This function is called by:
		_SD_Init
		_SD_SendCommand
		_SD_WriteBlock
 This function uses a non-reentrant model


 *************** function _SD_Read8bitResponse *****************
 Defined at:
		line 151 in file "sd.c"
 Parameters:    Size  Location     Type
		None
 Auto vars:     Size  Location     Type
  u8ReadMessag    1    1[COMRAM] unsigned char 
 Return value:  Size  Location     Type
                  1    wreg      void 
 Registers used:
		wreg, status,2, status,0, cstack
 Tracked objects:
		On entry : 
		On exit  : 
		Unchanged: 
 Data sizes:     COMRAM   BANK5   BANK6   BANK7   BANK8   BANK9  BANK10  BANK11  BANK12  BANK13  BANK14  BANK15  BANK16  BANK17  BANK18  BANK19  BANK20  BANK21  BANK22  BANK23  BANK24  BANK25  BANK26  BANK27  BANK28  BANK29  BANK30  BANK31  BANK32  BANK33  BANK34  BANK35  BANK36  BANK37
      Params:         0       0       0       0       0       0       0       0       0       0       0       0       0       0       0       0       0       0       0       0       0       0       0       0       0       0       0       0       0       0       0       0       0       0
      Locals:         1       0       0       0       0       0       0       0       0       0       0       0       0       0       0       0       0       0       0       0       0       0       0       0       0       0       0       0       0       0       0       0       0       0
      Temps:          0       0       0       0       0       0       0       0       0       0       0       0       0       0       0       0       0       0       0       0       0       0       0       0       0       0       0       0       0       0       0       0       0       0
      Totals:         1       0       0       0       0       0       0       0       0       0       0       0       0       0       0       0       0       0       0       0       0       0       0       0       0       0       0       0       0       0       0       0       0       0
Total ram usage:        1 bytes
 Hardware stack levels used:    1
 Hardware stack levels required when called:    3
 This function calls:
		_SPI_Read
 This function is called by:
		_SD_Init
		_SD_ReadBlock
		_SD_WriteBlock
 This function uses a non-reentrant model


 *************** function _SD_Read40bitResponse *****************
 Defined at:
		line 190 in file "sd.c"
 Parameters:    Size  Location     Type
		None
 Auto vars:     Size  Location     Type
  u8ReadMessag    1    1[COMRAM] unsigned char 
 Return value:  Size  Location     Type
                  1    wreg      void 
 Registers used:
		wreg, status,2, status,0, cstack
 Tracked objects:
		On entry : 
		On exit  : 
		Unchanged: 
 Data sizes:     COMRAM   BANK5   BANK6   BANK7   BANK8   BANK9  BANK10  BANK11  BANK12  BANK13  BANK14  BANK15  BANK16  BANK17  BANK18  BANK19  BANK20  BANK21  BANK22  BANK23  BANK24  BANK25  BANK26  BANK27  BANK28  BANK29  BANK30  BANK31  BANK32  BANK33  BANK34  BANK35  BANK36  BANK37
      Params:         0       0       0       0       0       0       0       0       0       0       0       0       0       0       0       0       0       0       0       0       0       0       0       0       0       0       0       0       0       0       0       0       0       0
      Locals:         1       0       0       0       0       0       0       0       0       0       0       0       0       0       0       0       0       0       0       0       0       0       0       0       0       0       0       0       0       0       0       0       0       0
      Temps:          0       0       0       0       0       0       0       0       0       0       0       0       0       0       0       0       0       0       0       0       0       0       0       0       0       0       0       0       0       0       0       0       0       0
      Totals:         1       0       0       0       0       0       0       0       0       0       0       0       0       0       0       0       0       0       0       0       0       0       0       0       0       0       0       0       0       0       0       0       0       0
Total ram usage:        1 bytes
 Hardware stack levels used:    1
 Hardware stack levels required when called:    3
 This function calls:
		_SPI_Read
 This function is called by:
		_SD_Init
 This function uses a non-reentrant model


 *************** function _SPI_Read *****************
 Defined at:
		line 75 in file "spi.c"
 Parameters:    Size  Location     Type
		None
 Auto vars:     Size  Location     Type
		None
 Return value:  Size  Location     Type
                  1    wreg      unsigned char 
 Registers used:
		wreg, status,2
 Tracked objects:
		On entry : 
		On exit  : 
		Unchanged: 
 Data sizes:     COMRAM   BANK5   BANK6   BANK7   BANK8   BANK9  BANK10  BANK11  BANK12  BANK13  BANK14  BANK15  BANK16  BANK17  BANK18  BANK19  BANK20  BANK21  BANK22  BANK23  BANK24  BANK25  BANK26  BANK27  BANK28  BANK29  BANK30  BANK31  BANK32  BANK33  BANK34  BANK35  BANK36  BANK37
      Params:         0       0       0       0       0       0       0       0       0       0       0       0       0       0       0       0       0       0       0       0       0       0       0       0       0       0       0       0       0       0       0       0       0       0
      Locals:         0       0       0       0       0       0       0       0       0       0       0       0       0       0       0       0       0       0       0       0       0       0       0       0       0       0       0       0       0       0       0       0       0       0
      Temps:          0       0       0       0       0       0       0       0       0       0       0       0       0       0       0       0       0       0       0       0       0       0       0       0       0       0       0       0       0       0       0       0       0       0
      Totals:         0       0       0       0       0       0       0       0       0       0       0       0       0       0       0       0       0       0       0       0       0       0       0       0       0       0       0       0       0       0       0       0       0       0
Total ram usage:        0 bytes
 Hardware stack levels used:    1
 Hardware stack levels required when called:    2
 This function calls:
		Nothing
 This function is called by:
		_SD_Read8bitResponse
		_SD_Read40bitResponse
		_SD_ReadBlock
 This function uses a non-reentrant model


 *************** function _SD_Check8bitResponse *****************
 Defined at:
		line 175 in file "sd.c"
 Parameters:    Size  Location     Type
  u8Byte_         1    wreg     unsigned char 
 Auto vars:     Size  Location     Type
  u8Byte_         1    1[COMRAM] unsigned char 
  bMatch          1    2[COMRAM] _Bool 
 Return value:  Size  Location     Type
                  1    wreg      _Bool 
 Registers used:
		wreg, status,2, status,0
 Tracked objects:
		On entry : 
		On exit  : 
		Unchanged: 
 Data sizes:     COMRAM   BANK5   BANK6   BANK7   BANK8   BANK9  BANK10  BANK11  BANK12  BANK13  BANK14  BANK15  BANK16  BANK17  BANK18  BANK19  BANK20  BANK21  BANK22  BANK23  BANK24  BANK25  BANK26  BANK27  BANK28  BANK29  BANK30  BANK31  BANK32  BANK33  BANK34  BANK35  BANK36  BANK37
      Params:         0       0       0       0       0       0       0       0       0       0       0       0       0       0       0       0       0       0       0       0       0       0       0       0       0       0       0       0       0       0       0       0       0       0
      Locals:         2       0       0       0       0       0       0       0       0       0       0       0       0       0       0       0       0       0       0       0       0       0       0       0       0       0       0       0       0       0       0       0       0       0
      Temps:          0       0       0       0       0       0       0       0       0       0       0       0       0       0       0       0       0       0       0       0       0       0       0       0       0       0       0       0       0       0       0       0       0       0
      Totals:         2       0       0       0       0       0       0       0       0       0       0       0       0       0       0       0       0       0       0       0       0       0       0       0       0       0       0       0       0       0       0       0       0       0
Total ram usage:        2 bytes
 Hardware stack levels used:    1
 Hardware stack levels required when called:    2
 This function calls:
		Nothing
 This function is called by:
		_SD_Init
		_SD_ReadBlock
		_SD_WriteBlock
 This function uses a non-reentrant model


 *************** function _SD_Check40bitResponse *****************
 Defined at:
		line 219 in file "sd.c"
 Parameters:    Size  Location     Type
  u8Byte4_        1    wreg     unsigned char 
  u8Byte3_        1    1[COMRAM] unsigned char 
  u8Byte2_        1    2[COMRAM] unsigned char 
  u8Byte1_        1    3[COMRAM] unsigned char 
  u8Byte0_        1    4[COMRAM] unsigned char 
 Auto vars:     Size  Location     Type
  u8Byte4_        1    5[COMRAM] unsigned char 
  bMatch          1    6[COMRAM] _Bool 
 Return value:  Size  Location     Type
                  1    wreg      _Bool 
 Registers used:
		wreg, status,2, status,0
 Tracked objects:
		On entry : 
		On exit  : 
		Unchanged: 
 Data sizes:     COMRAM   BANK5   BANK6   BANK7   BANK8   BANK9  BANK10  BANK11  BANK12  BANK13  BANK14  BANK15  BANK16  BANK17  BANK18  BANK19  BANK20  BANK21  BANK22  BANK23  BANK24  BANK25  BANK26  BANK27  BANK28  BANK29  BANK30  BANK31  BANK32  BANK33  BANK34  BANK35  BANK36  BANK37
      Params:         4       0       0       0       0       0       0       0       0       0       0       0       0       0       0       0       0       0       0       0       0       0       0       0       0       0       0       0       0       0       0       0       0       0
      Locals:         2       0       0       0       0       0       0       0       0       0       0       0       0       0       0       0       0       0       0       0       0       0       0       0       0       0       0       0       0       0       0       0       0       0
      Temps:          0       0       0       0       0       0       0       0       0       0       0       0       0       0       0       0       0       0       0       0       0       0       0       0       0       0       0       0       0       0       0       0       0       0
      Totals:         6       0       0       0       0       0       0       0       0       0       0       0       0       0       0       0       0       0       0       0       0       0       0       0       0       0       0       0       0       0       0       0       0       0
Total ram usage:        6 bytes
 Hardware stack levels used:    1
 Hardware stack levels required when called:    2
 This function calls:
		Nothing
 This function is called by:
		_SD_Init
 This function uses a non-reentrant model


 *************** function _InterruptSetup *****************
 Defined at:
		line 74 in file "interrupts.c"
 Parameters:    Size  Location     Type
		None
 Auto vars:     Size  Location     Type
		None
 Return value:  Size  Location     Type
                  1    wreg      void 
 Registers used:
		None
 Tracked objects:
		On entry : 
		On exit  : 
		Unchanged: 
 Data sizes:     COMRAM   BANK5   BANK6   BANK7   BANK8   BANK9  BANK10  BANK11  BANK12  BANK13  BANK14  BANK15  BANK16  BANK17  BANK18  BANK19  BANK20  BANK21  BANK22  BANK23  BANK24  BANK25  BANK26  BANK27  BANK28  BANK29  BANK30  BANK31  BANK32  BANK33  BANK34  BANK35  BANK36  BANK37
      Params:         0       0       0       0       0       0       0       0       0       0       0       0       0       0       0       0       0       0       0       0       0       0       0       0       0       0       0       0       0       0       0       0       0       0
      Locals:         0       0       0       0       0       0       0       0       0       0       0       0       0       0       0       0       0       0       0       0       0       0       0       0       0       0       0       0       0       0       0       0       0       0
      Temps:          0       0       0       0       0       0       0       0       0       0       0       0       0       0       0       0       0       0       0       0       0       0       0       0       0       0       0       0       0       0       0       0       0       0
      Totals:         0       0       0       0       0       0       0       0       0       0       0       0       0       0       0       0       0       0       0       0       0       0       0       0       0       0       0       0       0       0       0       0       0       0
Total ram usage:        0 bytes
 Hardware stack levels used:    1
 Hardware stack levels required when called:    2
 This function calls:
		Nothing
 This function is called by:
		_main
 This function uses a non-reentrant model


 *************** function _GpioSetup *****************
 Defined at:
		line 90 in file "encm369_pic18.c"
 Parameters:    Size  Location     Type
		None
 Auto vars:     Size  Location     Type
		None
 Return value:  Size  Location     Type
                  1    wreg      void 
 Registers used:
		wreg, status,2
 Tracked objects:
		On entry : 
		On exit  : 
		Unchanged: 
 Data sizes:     COMRAM   BANK5   BANK6   BANK7   BANK8   BANK9  BANK10  BANK11  BANK12  BANK13  BANK14  BANK15  BANK16  BANK17  BANK18  BANK19  BANK20  BANK21  BANK22  BANK23  BANK24  BANK25  BANK26  BANK27  BANK28  BANK29  BANK30  BANK31  BANK32  BANK33  BANK34  BANK35  BANK36  BANK37
      Params:         0       0       0       0       0       0       0       0       0       0       0       0       0       0       0       0       0       0       0       0       0       0       0       0       0       0       0       0       0       0       0       0       0       0
      Locals:         0       0       0       0       0       0       0       0       0       0       0       0       0       0       0       0       0       0       0       0       0       0       0       0       0       0       0       0       0       0       0       0       0       0
      Temps:          0       0       0       0       0       0       0       0       0       0       0       0       0       0       0       0       0       0       0       0       0       0       0       0       0       0       0       0       0       0       0       0       0       0
      Totals:         0       0       0       0       0       0       0       0       0       0       0       0       0       0       0       0       0       0       0       0       0       0       0       0       0       0       0       0       0       0       0       0       0       0
Total ram usage:        0 bytes
 Hardware stack levels used:    1
 Hardware stack levels required when called:    2
 This function calls:
		Nothing
 This function is called by:
		_main
 This function uses a non-reentrant model


 *************** function _ClockSetup *****************
 Defined at:
		line 71 in file "encm369_pic18.c"
 Parameters:    Size  Location     Type
		None
 Auto vars:     Size  Location     Type
		None
 Return value:  Size  Location     Type
                  1    wreg      void 
 Registers used:
		None
 Tracked objects:
		On entry : 
		On exit  : 
		Unchanged: 
 Data sizes:     COMRAM   BANK5   BANK6   BANK7   BANK8   BANK9  BANK10  BANK11  BANK12  BANK13  BANK14  BANK15  BANK16  BANK17  BANK18  BANK19  BANK20  BANK21  BANK22  BANK23  BANK24  BANK25  BANK26  BANK27  BANK28  BANK29  BANK30  BANK31  BANK32  BANK33  BANK34  BANK35  BANK36  BANK37
      Params:         0       0       0       0       0       0       0       0       0       0       0       0       0       0       0       0       0       0       0       0       0       0       0       0       0       0       0       0       0       0       0       0       0       0
      Locals:         0       0       0       0       0       0       0       0       0       0       0       0       0       0       0       0       0       0       0       0       0       0       0       0       0       0       0       0       0       0       0       0       0       0
      Temps:          0       0       0       0       0       0       0       0       0       0       0       0       0       0       0       0       0       0       0       0       0       0       0       0       0       0       0       0       0       0       0       0       0       0
      Totals:         0       0       0       0       0       0       0       0       0       0       0       0       0       0       0       0       0       0       0       0       0       0       0       0       0       0       0       0       0       0       0       0       0       0
Total ram usage:        0 bytes
 Hardware stack levels used:    1
 Hardware stack levels required when called:    2
 This function calls:
		Nothing
 This function is called by:
		_main
 This function uses a non-reentrant model


 *************** function _DEFAULT_ISR *****************
 Defined at:
		line 93 in file "interrupts.c"
 Parameters:    Size  Location     Type
		None
 Auto vars:     Size  Location     Type
		None
 Return value:  Size  Location     Type
                  1    wreg      void 
 Registers used:
		wreg, status,2, status,0
 Tracked objects:
		On entry : 
		On exit  : 
		Unchanged: 
 Data sizes:     COMRAM   BANK5   BANK6   BANK7   BANK8   BANK9  BANK10  BANK11  BANK12  BANK13  BANK14  BANK15  BANK16  BANK17  BANK18  BANK19  BANK20  BANK21  BANK22  BANK23  BANK24  BANK25  BANK26  BANK27  BANK28  BANK29  BANK30  BANK31  BANK32  BANK33  BANK34  BANK35  BANK36  BANK37
      Params:         0       0       0       0       0       0       0       0       0       0       0       0       0       0       0       0       0       0       0       0       0       0       0       0       0       0       0       0       0       0       0       0       0       0
      Locals:         0       0       0       0       0       0       0       0       0       0       0       0       0       0       0       0       0       0       0       0       0       0       0       0       0       0       0       0       0       0       0       0       0       0
      Temps:          1       0       0       0       0       0       0       0       0       0       0       0       0       0       0       0       0       0       0       0       0       0       0       0       0       0       0       0       0       0       0       0       0       0
      Totals:         1       0       0       0       0       0       0       0       0       0       0       0       0       0       0       0       0       0       0       0       0       0       0       0       0       0       0       0       0       0       0       0       0       0
Total ram usage:        1 bytes
 Hardware stack levels used:    1
 Hardware stack levels required when called:    1
 This function calls:
		Nothing
 This function is called by:
		Interrupt level 1
 This function uses a non-reentrant model


 *************** function _SW_ISR *****************
 Defined at:
		line 86 in file "interrupts.c"
 Parameters:    Size  Location     Type
		None
 Auto vars:     Size  Location     Type
		None
 Return value:  Size  Location     Type
                  1    wreg      void 
 Registers used:
		None
 Tracked objects:
		On entry : 
		On exit  : 
		Unchanged: 
 Data sizes:     COMRAM   BANK5   BANK6   BANK7   BANK8   BANK9  BANK10  BANK11  BANK12  BANK13  BANK14  BANK15  BANK16  BANK17  BANK18  BANK19  BANK20  BANK21  BANK22  BANK23  BANK24  BANK25  BANK26  BANK27  BANK28  BANK29  BANK30  BANK31  BANK32  BANK33  BANK34  BANK35  BANK36  BANK37
      Params:         0       0       0       0       0       0       0       0       0       0       0       0       0       0       0       0       0       0       0       0       0       0       0       0       0       0       0       0       0       0       0       0       0       0
      Locals:         0       0       0       0       0       0       0       0       0       0       0       0       0       0       0       0       0       0       0       0       0       0       0       0       0       0       0       0       0       0       0       0       0       0
      Temps:          0       0       0       0       0       0       0       0       0       0       0       0       0       0       0       0       0       0       0       0       0       0       0       0       0       0       0       0       0       0       0       0       0       0
      Totals:         0       0       0       0       0       0       0       0       0       0       0       0       0       0       0       0       0       0       0       0       0       0       0       0       0       0       0       0       0       0       0       0       0       0
Total ram usage:        0 bytes
 Hardware stack levels used:    1
 This function calls:
		Nothing
 This function is called by:
		Interrupt level 2
 This function uses a non-reentrant model


 *************** function _TMR1_ISR *****************
 Defined at:
		line 112 in file "interrupts.c"
 Parameters:    Size  Location     Type
		None
 Auto vars:     Size  Location     Type
		None
 Return value:  Size  Location     Type
                  1    wreg      void 
 Registers used:
		None
 Tracked objects:
		On entry : 
		On exit  : 
		Unchanged: 
 Data sizes:     COMRAM   BANK5   BANK6   BANK7   BANK8   BANK9  BANK10  BANK11  BANK12  BANK13  BANK14  BANK15  BANK16  BANK17  BANK18  BANK19  BANK20  BANK21  BANK22  BANK23  BANK24  BANK25  BANK26  BANK27  BANK28  BANK29  BANK30  BANK31  BANK32  BANK33  BANK34  BANK35  BANK36  BANK37
      Params:         0       0       0       0       0       0       0       0       0       0       0       0       0       0       0       0       0       0       0       0       0       0       0       0       0       0       0       0       0       0       0       0       0       0
      Locals:         0       0       0       0       0       0       0       0       0       0       0       0       0       0       0       0       0       0       0       0       0       0       0       0       0       0       0       0       0       0       0       0       0       0
      Temps:          0       0       0       0       0       0       0       0       0       0       0       0       0       0       0       0       0       0       0       0       0       0       0       0       0       0       0       0       0       0       0       0       0       0
      Totals:         0       0       0       0       0       0       0       0       0       0       0       0       0       0       0       0       0       0       0       0       0       0       0       0       0       0       0       0       0       0       0       0       0       0
Total ram usage:        0 bytes
 Hardware stack levels used:    1
 This function calls:
		Nothing
 This function is called by:
		Interrupt level 2
 This function uses a non-reentrant model


 *************** function _TMR2_ISR *****************
 Defined at:
		line 146 in file "interrupts.c"
 Parameters:    Size  Location     Type
		None
 Auto vars:     Size  Location     Type
		None
 Return value:  Size  Location     Type
                  1    wreg      void 
 Registers used:
		wreg, status,2, status,0
 Tracked objects:
		On entry : 
		On exit  : 
		Unchanged: 
 Data sizes:     COMRAM   BANK5   BANK6   BANK7   BANK8   BANK9  BANK10  BANK11  BANK12  BANK13  BANK14  BANK15  BANK16  BANK17  BANK18  BANK19  BANK20  BANK21  BANK22  BANK23  BANK24  BANK25  BANK26  BANK27  BANK28  BANK29  BANK30  BANK31  BANK32  BANK33  BANK34  BANK35  BANK36  BANK37
      Params:         0       0       0       0       0       0       0       0       0       0       0       0       0       0       0       0       0       0       0       0       0       0       0       0       0       0       0       0       0       0       0       0       0       0
      Locals:         0       0       0       0       0       0       0       0       0       0       0       0       0       0       0       0       0       0       0       0       0       0       0       0       0       0       0       0       0       0       0       0       0       0
      Temps:          0       0       0       0       0       0       0       0       0       0       0       0       0       0       0       0       0       0       0       0       0       0       0       0       0       0       0       0       0       0       0       0       0       0
      Totals:         0       0       0       0       0       0       0       0       0       0       0       0       0       0       0       0       0       0       0       0       0       0       0       0       0       0       0       0       0       0       0       0       0       0
Total ram usage:        0 bytes
 Hardware stack levels used:    1
 This function calls:
		Nothing
 This function is called by:
		Interrupt level 2
 This function uses a non-reentrant model



MODULE INFORMATION

Module		Function		Class		Link	Load	Size
encm369_pic18.c
		_GpioSetup     		CODE           	10578	0000	52
		_SystemSleep   		CODE           	1069E	0000	18
		_SysTickSetup  		CODE           	10544	0000	52
		_ClockSetup    		CODE           	106D6	0000	2

encm369_pic18.c estimated size: 124

interrupts.c
		_TMR2_ISR      		CODE           	106B0	0000	18
		_DEFAULT_ISR   		CODE           	10684	0000	26
		_InterruptSetup		CODE           	106C2	0000	8
		_SW_ISR        		CODE           	106D0	0000	4
		_TMR1_ISR      		CODE           	105AC	0000	36

interrupts.c estimated size: 92

spi.c
		_SPI_Write     		CODE           	105D0	0000	32
		_SPI_Read      		CODE           	10668	0000	28
		_SPI_Init      		CODE           	1064C	0000	28

spi.c estimated size: 88

shared
		_CRCTable      		MEDIUMCONST    	FEFF	0000	256
		__initialization		CODE           	103D0	0000	114

shared estimated size: 370

main.c
		_main          		CODE           	104C4	0000	72

main.c estimated size: 72

sd.c
		_SD_ReadBlock  		CODE           	10304	0000	204
		_SD_Read8bitResponse		CODE           	105F0	0000	32
		_SD_Check8bitResponse		CODE           	10610	0000	32
		_SD_Read40bitResponse		CODE           	1050C	0000	56
		_SD_Init       		CODE           	10000	0000	282
		_SD_Check40bitResponse		CODE           	1044C	0000	120
		_SD_SendCommand		CODE           	1021A	0000	234

sd.c estimated size: 960

user_app.c
		_UserAppRun    		CODE           	106D4	0000	2
		_UserAppInitialize		CODE           	10630	0000	28

user_app.c estimated size: 30

